
> temp_init@0.1.0 test
> jest --verbose

node.exe : FAIL src/l
ib/store/cart-store.t
est.ts
En línea: 1 
Carácter: 1
+ & "C:\Program Files
\nodejs/node.exe" 
"C:\Program 
Files\nodejs/node_mo 
...
+ ~~~~~~~~~~~~~~~~~~~
~~~~~~~~~~~~~~~~~~~~~
~~~~~~~~~~~~~~~~~~~~~
~~~~~~~~
    + CategoryInfo   
           : NotSpe  
  cified: (FAIL sr   
 c/lib/store/cart    
-store.test.ts:S    
tring) [], Remot    
eException
    + FullyQualified 
   ErrorId : Native  
  CommandError
 
  ÔùÅ Test suite 
failed to run

    TypeError: (0 , m
iddleware_1.createJSO
NStorage) is not a 
function

    [0m [90m 75 
|[39m         {
     [90m 76 |[39m 
            
name[33m:[39m [32m
'rajma-cart-storage'
[39m[33m,[39m
    [31m[1m>[22m[
39m[90m 77 |[39m   
          
storage[33m:[39m 
createJSONStorage(() 
[33m=>[39m localSto
rage)[33m,[39m
     [90m    |[39m 
                     
                 
[31m[1m^[22m[39m
     [90m 78 |[39m 
            skipHydra
tion[33m:[39m [36m
true[39m[33m,[39m 
[90m// We might 
need to handle 
hydration manually 
to avoid hydration 
mismatch[39m
     [90m 79 |[39m 
        }
     [90m 80 |[39m 
    )[0m

      at 
Object.<anonymous> (s
rc/lib/store/cart-sto
re.ts:77:39)
      at 
Object.<anonymous> (s
rc/lib/store/cart-sto
re.test.ts:2:1)

FAIL src/components/f
eatures/cart/CartInte
gration.test.tsx
  ÔùÅ Test suite 
failed to run

    TypeError: (0 , m
iddleware_1.createJSO
NStorage) is not a 
function

    [0m [90m 75 
|[39m         {
     [90m 76 |[39m 
            
name[33m:[39m [32m
'rajma-cart-storage'
[39m[33m,[39m
    [31m[1m>[22m[
39m[90m 77 |[39m   
          
storage[33m:[39m 
createJSONStorage(() 
[33m=>[39m localSto
rage)[33m,[39m
     [90m    |[39m 
                     
                 
[31m[1m^[22m[39m
     [90m 78 |[39m 
            skipHydra
tion[33m:[39m [36m
true[39m[33m,[39m 
[90m// We might 
need to handle 
hydration manually 
to avoid hydration 
mismatch[39m
     [90m 79 |[39m 
        }
     [90m 80 |[39m 
    )[0m

      at 
Object.<anonymous> (s
rc/lib/store/cart-sto
re.ts:77:39)
      at 
Object.<anonymous> (s
rc/components/feature
s/cart/CartSheet.tsx:
6:1)
      at 
Object.<anonymous> (s
rc/components/feature
s/cart/CartIntegratio
n.test.tsx:2:1)

PASS src/components/f
eatures/hero/Hero.tes
t.tsx
  Hero Component
    ÔêÜ displays 
"Cerrado" outside of 
operating hours 
(e.g., 2:00 PM) (185 
ms)
    ÔêÜ displays 
"Abierto" during 
operating hours 
(e.g., 4:00 PM) (39 
ms)
    ÔêÜ displays 
"Cerrado" on 
weekends if closed 
(Rajma logic: 
Mon-Fri) (33 ms)

PASS src/components/f
eatures/menu/MenuGrid
.test.tsx (5.354 s)
  MenuGrid Component
    ÔêÜ renders 
initial category 
products (155 ms)
    ÔêÜ filters 
products when 
searching (58 ms)
    ÔêÜ shows "No 
found" message for 
invalid search (27 
ms)

Test Suites: 2 
failed, 2 passed, 4 
total
Tests:       6 
passed, 6 total
Snapshots:   0 total
Time:        7.699 
s, estimated 9 s
Ran all test suites.
